// Jest Snapshot v1, https://goo.gl/fbAQLP

exports[`<Signup /> should call API 1`] = `
<ContextProvider
  value={
    Object {
      "closeSnackBar": [Function],
      "openSnackBar": [Function],
    }
  }
>
  <SignUp />
  <SnackBar
    handleClose={[Function]}
    message=""
    open={false}
    type="info"
  />
</ContextProvider>
`;
